#####run jobs without getting interrupted

python intervals_gff.py < /dev/null > std.out 2> err.out &
[1]20525 #Job ID
kill -9 20525 #kill job

ps fax | grep 9913
############################################
create the key with the instructions and umount the volume before deleting the instance
############################################
#mount new volume (Elena's way)
#Follow the instructions: https://s3itwiki.uzh.ch/display/clouddoc/Training+handout#Traininghandout-2.6.AttachavolumetotheInstance
#Add volume--> manage conexions -> attach to...volume

mkdir /data

#take note of the letter after dev/vd*
sudo mkfs.ext4 /dev/vdc  #for /dev/vdc
sudo mount /dev/vdc /data?
sudo chown -R ubuntu:ubuntu /data?


###########creating second instance, elena2
#associated to key elenita, which is already at /Users/elena/.ssh/id_rsa
ssh ubuntu@172.23.62.136

sudo -s #become superuser to mkdir /data and change user permission
mkdir /data #important to have the "/" before "data"
chown ubuntu:ubuntu /data #change permissions for /data
exit #exit sudo

########################################### First time I did it
#############################################
#create key, download and move to /.ssh
chmod 600 (key)

go to cloud.s3it.uzh.ch and login.

create instance, (make sure to create a 'security key')

log into the computer: (get ip from the cloud.s3it.uzh.ch)
ssh -i ~/.ssh/(key).pem ubuntu@(IP)

create a new volume, 'manage attachment'

root@lmalms-demo-dec:~# lsblk  #is it attached?
NAME   MAJ:MIN RM  SIZE RO TYPE MOUNTPOINT
vda    253:0    0  100G  0 disk
`-vda1 253:1    0  100G  0 part /
vdb    253:16   0 1000G  0 disk

Here, vdb is your volume. 
####root is the superuser in linux (sudo)
#become admin: 
sudo -s
#root@...#

#Make the file system: ###reformat --> delete
mkfs.ext4 /dev/vdb


#make a mount point (just a directory)
mkdir /data

#mount the new file system: #important, every time I resize/restart
mount /dev/vdb /data

#make sure it all went ok:
root@lmalms-demo-dec:~# df -h
Filesystem      Size  Used Avail Use% Mounted on
udev            3.8G     0  3.8G   0% /dev
tmpfs           780M  8.6M  771M   2% /run
/dev/vda1        97G  1.3G   96G   2% /
tmpfs           3.9G     0  3.9G   0% /dev/shm
tmpfs           5.0M     0  5.0M   0% /run/lock
tmpfs           3.9G     0  3.9G   0% /sys/fs/cgroup
tmpfs           780M     0  780M   0% /run/user/1000
/dev/vdb       985G   72M  935G   1% /data

touch /data/test #permission denied

#make sure the ubuntu user can use the new file system:
chown ubuntu:ubuntu /data

#get out of root
exit

use the disk:
ubuntu@lmalms-demo-dec:~$ cd /data/  
ubuntu@lmalms-demo-dec:/data$ ls
lost+found
ubuntu@lmalms-demo-dec:/data$ mkdir test1
ubuntu@lmalms-demo-dec:/data$ cd test1
ubuntu@lmalms-demo-dec:/data/test1$ touch file1
ubuntu@lmalms-demo-dec:/data/test1$ vi file1

#Most NGS software can be installed as follows: #-y answer always yes
sudo apt -y install samtools bamtools

#Seaching for available software:
ubuntu@lmalms-demo-dec:/data/test1$ aptitude search abys

#copy data using rsync:
rsync --progress -avr -e 'ssh -i ~/.ssh/lmalms_a001.pem' 20161020071040895-150265/20151216_03_HeLa_FT_HCD_EThCD.mzML.gz 20161020071140632-150266/20151216_04_HeLa_FT_HCD_EThCD.mzML.gz 20161020071845655-150274/20151216_15_HeLa_FT_HCD_EThCD.mzML.gz 20161020072116638-150277/20151216_24_HeLaFT_HCD_EThCD.mzML.gz ubuntu@172.23.197.220:/data/copied_data/

Convenience to login:
in file ~/.ssh/config

add
Host wn
    User ubuntu
    Hostname 172.23.193.187
    IdentityFile ~/.ssh/lmalms_a001.pem
    
    #####################################
    
    perl: warning: Please check that your locale settings:
	LANGUAGE = (unset),
	LC_ALL = (unset),
	LC_CTYPE = "UTF-8",
	LANG = "C"
    are supported and installed on your system.
perl: warning: Falling back to the standard locale ("C").
    
export LC_ALL="en_US.UTF-8"
